<html>
<body>
<pre>
<h1>µVision Build Log</h1>
<h2>Project:</h2>
C:\Amrita cse\5th Semester\Embedded Systems\Lab\ARM\Lab1\Lab1.uvproj
Project File Date:  08/25/2023

<h2>Output:</h2>
Build target 'Target 1'
assembling Startup.s...
linking...
Lab1.axf: Warning: L6665W: Neither Lib$$Request$$armlib Lib$$Request$$cpplib defined, not searching ARM libraries.
Lab1.axf: Error: L6411W: No compatible library exists with a definition of startup symbol __main.
Target not created
Build target 'Target 1'
assembling expt1.s...
linking...
Program Size: Code=16 RO-data=0 RW-data=0 ZI-data=0  
"Lab1.axf" - 0 Error(s), 0 Warning(s).
Build target 'Target 1'
assembling expt2.s...
linking...
Program Size: Code=40 RO-data=0 RW-data=0 ZI-data=0  
"Lab1.axf" - 0 Error(s), 0 Warning(s).
